[INFO] start at Sun Sep  6 11:17:07 AM +07 2026
[INFO] hostname=DGX-A100
[INFO] SLURM_JOB_ID=67942
[INFO] gpu_check exit_code=0
[INFO] gpu_check output=6
[INFO] BEST_GPU=6
[INFO] Launching Limited-Angle CT Data Preparation for NIH DeepLesion at Sun Sep  6 11:17:10 AM +07 2026

[INFO] Bắt đầu sinh dữ liệu NIH DeepLesion:
       Phân vùng: train
       Dải góc quét: [-60.0°, +60.0°] (120.0° span)
       Số góc chiếu (Views): 64
       Thư mục đích: /datastore/uittogether3/LuuTru/MinhPD/dataset/nih_deep_lesion/limited_angle/train/limited_ang_120deg_numview_64_size_256_noise_0
[INFO] Tổng số lát cắt cần sinh cho train: 2000
[HOÀN TẤT] train (120deg): Đã ghi mới 812 lát, bỏ qua 1188 lát đã có sẵn.

[INFO] Bắt đầu sinh dữ liệu NIH DeepLesion:
       Phân vùng: val
       Dải góc quét: [-60.0°, +60.0°] (120.0° span)
       Số góc chiếu (Views): 64
       Thư mục đích: /datastore/uittogether3/LuuTru/MinhPD/dataset/nih_deep_lesion/limited_angle/val/limited_ang_120deg_numview_64_size_256_noise_0
[INFO] Tổng số lát cắt cần sinh cho val: 200
[HOÀN TẤT] val (120deg): Đã ghi mới 124 lát, bỏ qua 76 lát đã có sẵn.

[INFO] Bắt đầu sinh dữ liệu NIH DeepLesion:
       Phân vùng: test
       Dải góc quét: [-60.0°, +60.0°] (120.0° span)
       Số góc chiếu (Views): 64
       Thư mục đích: /datastore/uittogether3/LuuTru/MinhPD/dataset/nih_deep_lesion/limited_angle/test/limited_ang_120deg_numview_64_size_256_noise_0
[INFO] Tổng số lát cắt cần sinh cho test: 300
[HOÀN TẤT] test (120deg): Đã ghi mới 160 lát, bỏ qua 140 lát đã có sẵn.

[INFO] Bắt đầu sinh dữ liệu NIH DeepLesion:
       Phân vùng: train
       Dải góc quét: [-45.0°, +45.0°] (90.0° span)
       Số góc chiếu (Views): 64
       Thư mục đích: /datastore/uittogether3/LuuTru/MinhPD/dataset/nih_deep_lesion/limited_angle/train/limited_ang_90deg_numview_64_size_256_noise_0
[INFO] Tổng số lát cắt cần sinh cho train: 2000
[HOÀN TẤT] train (90deg): Đã ghi mới 812 lát, bỏ qua 1188 lát đã có sẵn.

[INFO] Bắt đầu sinh dữ liệu NIH DeepLesion:
       Phân vùng: val
       Dải góc quét: [-45.0°, +45.0°] (90.0° span)
       Số góc chiếu (Views): 64
       Thư mục đích: /datastore/uittogether3/LuuTru/MinhPD/dataset/nih_deep_lesion/limited_angle/val/limited_ang_90deg_numview_64_size_256_noise_0
[INFO] Tổng số lát cắt cần sinh cho val: 200
[HOÀN TẤT] val (90deg): Đã ghi mới 124 lát, bỏ qua 76 lát đã có sẵn.

[INFO] Bắt đầu sinh dữ liệu NIH DeepLesion:
       Phân vùng: test
       Dải góc quét: [-45.0°, +45.0°] (90.0° span)
       Số góc chiếu (Views): 64
       Thư mục đích: /datastore/uittogether3/LuuTru/MinhPD/dataset/nih_deep_lesion/limited_angle/test/limited_ang_90deg_numview_64_size_256_noise_0
[INFO] Tổng số lát cắt cần sinh cho test: 300
[HOÀN TẤT] test (90deg): Đã ghi mới 160 lát, bỏ qua 140 lát đã có sẵn.
[INFO] NIH DeepLesion Limited-Angle CT data preparation finished at Sun Sep  6 11:19:36 AM +07 2026
[INFO] cleanup rc=0 at Sun Sep  6 11:19:36 AM +07 2026
