[INFO] start at Thu Aug 27 10:35:36 PM +07 2026
[INFO] hostname=DGX-A100
[INFO] SLURM_JOB_ID=65477
[INFO] gpu_check exit_code=0
[INFO] gpu_check output=6
[INFO] BEST_GPU=6
[INFO] Launching LEARN_Mamba Training on Limited-Angle CT at Thu Aug 27 10:35:43 PM +07 2026
================================================================================
🚀 BẮT ĐẦU HUẤN LUYỆN BASELINE: LEARN_Mamba (Limited-Angle CT)
- Dải góc quét: [-60.0°, 60.0°] (Cung quét 120.0°)
- Số views: 64 | Số Detectors: 512 | Kích thước ảnh: 256x256
- Cấu hình Cache Tag: limited_ang_120deg_numview_64_size_256_noise_0
- Số giai đoạn Unrolling: 14 stages | Max Epochs: 50 | Batch size: 1
- Tốc độ học: 0.0001 -> 1e-05 (Cosine Annealing)
- Checkpoint lưu tại: /datastore/uittogether3/LuuTru/MinhPD/saved_models/LEARN_Mamba/
================================================================================

================================================================================
  🚀 [LEARN_Mamba_LA] ĐÃ KHỞI TẠO MÔ HÌNH VÀ HÌNH HỌC VẬT LÝ THÀNH CÔNG:
  • Số giai đoạn Unrolling (Stages) : 14 vòng lặp
  • Dải góc quét (Limited-Angle)    : [-60.0°, 60.0°] (Cung quét 120.0°)
  • Số góc chiếu (Views)            : 64 views (Bước góc Δθ ≈ 1.87°)
  • Số cảm biến (Detectors)         : 512 kênh (Dải [-480, 480] mm)
  • Kích thước ảnh tái tạo          : 256 x 256 pixels
  • Toán tử Chiếu Thuận (A)         : ODL RayTransform (GPU astra_cuda)
  • Toán tử Chiếu Ngược (A^T - FBP) : ODL FBP (Filter: Ram-Lak, Frequency Scaling: 0.9, Scale: √2)
================================================================================

[TRAIN] Loaded 1920 CT slices from /datastore/uittogether3/LuuTru/Thanhld/CT-Reconstruction/split/ (split: train).
[VALID] Loaded 244 CT slices from /datastore/uittogether3/LuuTru/Thanhld/CT-Reconstruction/split/ (split: train).
Sanity Checking: |          | 0/? [00:00<?, ?it/s]                                                  [INFO] cleanup rc=1 at Thu Aug 27 10:36:05 PM +07 2026
