[INFO] start at Sun Sep  6 11:33:26 AM +07 2026
[INFO] hostname=DGX-A100
[INFO] SLURM_JOB_ID=67943
[INFO] gpu_check exit_code=0
[INFO] gpu_check output=6
[INFO] BEST_GPU=6
[INFO] Launching Limited-Angle CT Data Preparation for LIDC-IDRI at Sun Sep  6 11:33:36 AM +07 2026

[INFO] Bắt đầu sinh dữ liệu LIDC-IDRI:
       Phân vùng: train
       Dải góc quét: [-60.0°, +60.0°] (120.0° span)
       Số góc chiếu (Views): 64
       Thư mục đích: /datastore/uittogether3/LuuTru/MinhPD/dataset/lidc_idri/limited_angle/train/limited_ang_120deg_numview_64_size_256_noise_0
[INFO] Tổng số lát cắt cần sinh cho train: 1186
[HOÀN TẤT] LIDC-IDRI train (120deg): Đã ghi mới 1186 lát, bỏ qua 0 lát.

[INFO] Bắt đầu sinh dữ liệu LIDC-IDRI:
       Phân vùng: val
       Dải góc quét: [-60.0°, +60.0°] (120.0° span)
       Số góc chiếu (Views): 64
       Thư mục đích: /datastore/uittogether3/LuuTru/MinhPD/dataset/lidc_idri/limited_angle/val/limited_ang_120deg_numview_64_size_256_noise_0
[INFO] Tổng số lát cắt cần sinh cho val: 533
[HOÀN TẤT] LIDC-IDRI val (120deg): Đã ghi mới 533 lát, bỏ qua 0 lát.

[INFO] Bắt đầu sinh dữ liệu LIDC-IDRI:
       Phân vùng: test
       Dải góc quét: [-60.0°, +60.0°] (120.0° span)
       Số góc chiếu (Views): 64
       Thư mục đích: /datastore/uittogether3/LuuTru/MinhPD/dataset/lidc_idri/limited_angle/test/limited_ang_120deg_numview_64_size_256_noise_0
[INFO] Tổng số lát cắt cần sinh cho test: 256
[HOÀN TẤT] LIDC-IDRI test (120deg): Đã ghi mới 256 lát, bỏ qua 0 lát.

[INFO] Bắt đầu sinh dữ liệu LIDC-IDRI:
       Phân vùng: train
       Dải góc quét: [-45.0°, +45.0°] (90.0° span)
       Số góc chiếu (Views): 64
       Thư mục đích: /datastore/uittogether3/LuuTru/MinhPD/dataset/lidc_idri/limited_angle/train/limited_ang_90deg_numview_64_size_256_noise_0
[INFO] Tổng số lát cắt cần sinh cho train: 1186
[HOÀN TẤT] LIDC-IDRI train (90deg): Đã ghi mới 1186 lát, bỏ qua 0 lát.

[INFO] Bắt đầu sinh dữ liệu LIDC-IDRI:
       Phân vùng: val
       Dải góc quét: [-45.0°, +45.0°] (90.0° span)
       Số góc chiếu (Views): 64
       Thư mục đích: /datastore/uittogether3/LuuTru/MinhPD/dataset/lidc_idri/limited_angle/val/limited_ang_90deg_numview_64_size_256_noise_0
[INFO] Tổng số lát cắt cần sinh cho val: 533
[HOÀN TẤT] LIDC-IDRI val (90deg): Đã ghi mới 533 lát, bỏ qua 0 lát.

[INFO] Bắt đầu sinh dữ liệu LIDC-IDRI:
       Phân vùng: test
       Dải góc quét: [-45.0°, +45.0°] (90.0° span)
       Số góc chiếu (Views): 64
       Thư mục đích: /datastore/uittogether3/LuuTru/MinhPD/dataset/lidc_idri/limited_angle/test/limited_ang_90deg_numview_64_size_256_noise_0
[INFO] Tổng số lát cắt cần sinh cho test: 256
[HOÀN TẤT] LIDC-IDRI test (90deg): Đã ghi mới 256 lát, bỏ qua 0 lát.
[INFO] LIDC-IDRI Limited-Angle CT data preparation finished at Sun Sep  6 11:35:45 AM +07 2026
[INFO] cleanup rc=0 at Sun Sep  6 11:35:45 AM +07 2026
