[INFO] start at Sun Sep  6 01:55:09 PM +07 2026
[INFO] hostname=DGX-A100
[INFO] SLURM_JOB_ID=67967
[INFO] BEST_GPU=6
================================================================================
🎯 KẾT XUẤT ATTENTION EVOLUTION PANEL CHO LA-120° (SLICE 050)
================================================================================
================================================================================
🔬 TRÍCH XUẤT ATTENTION MAPS TỪNG ITERATION (LEARN_LONGFORMER)
- Thiết bị: cuda
- Góc quét: 120.0° (Views: 64)
- Lát cắt: Slice #50
- Checkpoint: /datastore/uittogether3/LuuTru/MinhPD/saved_models/LEARN_Longformer/longformer_la-epoch=45-val_psnr=34.77-val_ssim=0.9383.ckpt
================================================================================
[TEST] Loaded 214 CT slices from /datastore/uittogether3/LuuTru/Thanhld/CT-Reconstruction/split/ (split: test).
📦 Đang nạp mô hình từ: /datastore/uittogether3/LuuTru/MinhPD/saved_models/LEARN_Longformer/longformer_la-epoch=45-val_psnr=34.77-val_ssim=0.9383.ckpt
✅ Đã kết xuất Attention Evolution Panel thành công tại:
   /datastore/uittogether3/LuuTru/MinhPD/visualizations/attention_maps/longformer_attn_evolution_120deg_slice050.png
================================================================================
🎯 KẾT XUẤT ATTENTION EVOLUTION PANEL CHO LA-90° (SLICE 050)
================================================================================
================================================================================
🔬 TRÍCH XUẤT ATTENTION MAPS TỪNG ITERATION (LEARN_LONGFORMER)
- Thiết bị: cuda
- Góc quét: 90.0° (Views: 64)
- Lát cắt: Slice #50
- Checkpoint: /datastore/uittogether3/LuuTru/MinhPD/saved_models/LEARN_Longformer/longformer_la-epoch=45-val_psnr=34.77-val_ssim=0.9383.ckpt
================================================================================
[TEST] Loaded 214 CT slices from /datastore/uittogether3/LuuTru/Thanhld/CT-Reconstruction/split/ (split: test).
📦 Đang nạp mô hình từ: /datastore/uittogether3/LuuTru/MinhPD/saved_models/LEARN_Longformer/longformer_la-epoch=45-val_psnr=34.77-val_ssim=0.9383.ckpt
✅ Đã kết xuất Attention Evolution Panel thành công tại:
   /datastore/uittogether3/LuuTru/MinhPD/visualizations/attention_maps/longformer_attn_evolution_90deg_slice050.png
[INFO] FINISHED at Sun Sep  6 01:55:59 PM +07 2026
[INFO] cleanup rc=0 at Sun Sep  6 01:55:59 PM +07 2026
